[technext.github.io/corona-free-dark-bootstrap-admin-template/pages/icons/mdi.html]
[backblue.gif]
[fade.gif]
[index.html]
[technext.github.io/corona-free-dark-bootstrap-admin-template/assets/vendors/mdi/css/materialdesignicons.min.css]
[technext.github.io/corona-free-dark-bootstrap-admin-template/assets/vendors/css/vendor.bundle.base.css]
[technext.github.io/corona-free-dark-bootstrap-admin-template/assets/css/style.css]
[technext.github.io/corona-free-dark-bootstrap-admin-template/assets/images/favicon.png]
[technext.github.io/corona-free-dark-bootstrap-admin-template/assets/images/faces/face15.jpg]
[technext.github.io/corona-free-dark-bootstrap-admin-template/assets/images/faces/face4.jpg]
[technext.github.io/corona-free-dark-bootstrap-admin-template/assets/images/faces/face2.jpg]
[technext.github.io/corona-free-dark-bootstrap-admin-template/assets/images/faces/face3.jpg]
[technext.github.io/corona-free-dark-bootstrap-admin-template/assets/vendors/js/vendor.bundle.base.js]
[technext.github.io/corona-free-dark-bootstrap-admin-template/assets/js/off-canvas.js]
[technext.github.io/corona-free-dark-bootstrap-admin-template/assets/js/hoverable-collapse.js]
[technext.github.io/corona-free-dark-bootstrap-admin-template/assets/js/misc.js]
[technext.github.io/corona-free-dark-bootstrap-admin-template/assets/js/settings.js]
[technext.github.io/corona-free-dark-bootstrap-admin-template/pages/icons/mdi.html]
[technext.github.io/corona-free-dark-bootstrap-admin-template/assets/js/todolist.js]
[technext.github.io/corona-free-dark-bootstrap-admin-template/assets/vendors/mdi/css/materialdesignicons.min.css]
[technext.github.io/corona-free-dark-bootstrap-admin-template/assets/vendors/css/vendor.bundle.base.css]
[technext.github.io/corona-free-dark-bootstrap-admin-template/assets/images/auth/Login_bg.jpg]
[technext.github.io/corona-free-dark-bootstrap-admin-template/assets/images/auth/login-bg.jpg]
[technext.github.io/corona-free-dark-bootstrap-admin-template/assets/images/auth/Login_bg2.jpg]
[technext.github.io/corona-free-dark-bootstrap-admin-template/assets/images/auth/lockscreen-bg.jpg]
[technext.github.io/corona-free-dark-bootstrap-admin-template/assets/css/style.css]
