[technext.github.io/tour/index2aa0.html]
[technext.github.io/tour/favicon.png]
[technext.github.io/tour/css/bootstrap.min.css]
[technext.github.io/tour/css/owl.carousel.min.css]
[technext.github.io/tour/css/owl.theme.default.min.css]
[technext.github.io/tour/css/jquery.fancybox.min.css]
[technext.github.io/tour/fonts/icomoon/style.css]
[technext.github.io/tour/fonts/flaticon/font/flaticon.css]
[technext.github.io/tour/css/daterangepicker.css]
[technext.github.io/tour/css/aos.css]
[backblue.gif]
[fade.gif]
[index.html]
[technext.github.io/tour/css/style.css]
[technext.github.io/tour/index.html]
[technext.github.io/tour/elements.html]
[technext.github.io/tour/services.html]
[technext.github.io/tour/about.html]
[technext.github.io/tour/contact.html]
[technext.github.io/tour/images/hero-slider-1.jpg]
[technext.github.io/tour/images/hero-slider-2.jpg]
[technext.github.io/tour/images/hero-slider-3.jpg]
[technext.github.io/tour/images/hero-slider-4.jpg]
[technext.github.io/tour/images/hero-slider-5.jpg]
[technext.github.io/tour/images/person_2.jpg]
[technext.github.io/tour/images/person_3.jpg]
[technext.github.io/tour/images/person_4.jpg]
[technext.github.io/tour/booking.html]
[technext.github.io/tour/js/jquery-3.4.1.min.js]
[technext.github.io/tour/js/popper.min.js]
[technext.github.io/tour/js/bootstrap.min.js]
[technext.github.io/tour/js/owl.carousel.min.js]
[technext.github.io/tour/js/jquery.animateNumber.min.js]
[technext.github.io/tour/js/jquery.waypoints.min.js]
[technext.github.io/tour/js/jquery.fancybox.min.js]
[technext.github.io/tour/js/aos.js]
[technext.github.io/tour/js/moment.min.js]
[technext.github.io/tour/js/daterangepicker.js]
[technext.github.io/tour/js/typed.js]
[technext.github.io/tour/js/custom.js]
[technext.github.io/tour/index2aa0.html]
[technext.github.io/tour/css/bootstrap.min.css]
[technext.github.io/tour/css/owl.video.play.png]
[technext.github.io/tour/css/owl.carousel.min.css]
[technext.github.io/tour/css/owl.theme.default.min.css]
[technext.github.io/tour/css/jquery.fancybox.min.css]
[technext.github.io/tour/fonts/icomoon/fonts/icomoon1a44.eot]
[technext.github.io/tour/fonts/icomoon/fonts/icomoon1a44.ttf]
[technext.github.io/tour/fonts/icomoon/fonts/icomoon1a44.woff]
[technext.github.io/tour/fonts/icomoon/style.css]
[technext.github.io/tour/fonts/icomoon/fonts/icomoon1a44.svg]
[technext.github.io/tour/fonts/flaticon/font/Flaticon.eot]
[technext.github.io/tour/fonts/flaticon/font/Flaticond41d.eot]
[technext.github.io/tour/fonts/flaticon/font/Flaticon.woff2]
[technext.github.io/tour/fonts/flaticon/font/Flaticon.woff]
[technext.github.io/tour/fonts/flaticon/font/Flaticon.ttf]
[technext.github.io/tour/fonts/flaticon/font/Flaticon.svg]
[technext.github.io/tour/fonts/flaticon/font/flaticon.css]
[technext.github.io/tour/css/daterangepicker.css]
[technext.github.io/tour/css/aos.css]
[technext.github.io/tour/css/style.css]
[technext.github.io/tour/index.html]
[technext.github.io/tour/images/slider-1.jpg]
[technext.github.io/tour/images/slider-2.jpg]
[technext.github.io/tour/images/slider-4.jpg]
[technext.github.io/tour/images/gal_1.jpg]
[technext.github.io/tour/images/gal_2.jpg]
[technext.github.io/tour/images/gal_3.jpg]
[technext.github.io/tour/images/gal_4.jpg]
[technext.github.io/tour/images/gal_5.jpg]
[technext.github.io/tour/images/gal_6.jpg]
[technext.github.io/tour/images/bg_1.jpg]
[technext.github.io/tour/images/person_1.jpg]
[technext.github.io/tour/elements.html]
[technext.github.io/tour/services.html]
[technext.github.io/tour/images/slider-3.jpg]
[technext.github.io/tour/images/slider-5.jpg]
[technext.github.io/tour/about.html]
[technext.github.io/tour/contact.html]
[technext.github.io/tour/booking.html]
[technext.github.io/tour/css/owl.video.play.html]
[technext.github.io/tour/fonts/icomoon/fonts/icomoon1a44.svg]
[technext.github.io/tour/fonts/flaticon/font/Flaticon.svg]
[technext.github.io/tour/images/bg_1.html]
